Command line invocation:
    /Applications/Xcode.app/Contents/Developer/usr/bin/xcodebuild -project PaymentTracker.xcodeproj -scheme PaymentTracker build -destination "generic/platform=iOS Simulator"

ComputePackagePrebuildTargetDependencyGraph

Prepare packages

CreateBuildRequest

SendProjectDescription

CreateBuildOperation

ComputeTargetDependencyGraph
note: Building targets in dependency order
note: Target dependency graph (1 target)
    Target 'PaymentTracker' in project 'PaymentTracker' (no dependencies)

GatherProvisioningInputs

CreateBuildDescription

ExecuteExternalTool /Applications/Xcode.app/Contents/Developer/Toolchains/XcodeDefault.xctoolchain/usr/bin/clang -v -E -dM -isysroot /Applications/Xcode.app/Contents/Developer/Platforms/iPhoneSimulator.platform/Developer/SDKs/iPhoneSimulator26.4.sdk -x c -c /dev/null

ExecuteExternalTool /Applications/Xcode.app/Contents/Developer/usr/bin/actool --print-asset-tag-combinations --output-format xml1 /Users/aryan/Desktop/PaymentTracker/PaymentTracker/Assets.xcassets

ExecuteExternalTool /Applications/Xcode.app/Contents/Developer/usr/bin/actool --version --output-format xml1

ExecuteExternalTool /Applications/Xcode.app/Contents/Developer/Toolchains/XcodeDefault.xctoolchain/usr/bin/swiftc --version

ExecuteExternalTool /Applications/Xcode.app/Contents/Developer/Toolchains/XcodeDefault.xctoolchain/usr/bin/ld -version_details

Build description signature: 5d79704d6d44a87394845d9adb6fa28e
Build description path: /Users/aryan/Library/Developer/Xcode/DerivedData/PaymentTracker-drpybeomqqkxwhfxptpuycgwrzpk/Build/Intermediates.noindex/XCBuildData/5d79704d6d44a87394845d9adb6fa28e.xcbuilddata
ClangStatCache /Applications/Xcode.app/Contents/Developer/Toolchains/XcodeDefault.xctoolchain/usr/bin/clang-stat-cache /Applications/Xcode.app/Contents/Developer/Platforms/iPhoneSimulator.platform/Developer/SDKs/iPhoneSimulator26.4.sdk /Users/aryan/Library/Developer/Xcode/DerivedData/SDKStatCaches.noindex/iphonesimulator26.4-23E237-686eebb5dc1d8ecb277353a59184f4aa.sdkstatcache
    cd /Users/aryan/Desktop/PaymentTracker/PaymentTracker.xcodeproj
    /Applications/Xcode.app/Contents/Developer/Toolchains/XcodeDefault.xctoolchain/usr/bin/clang-stat-cache /Applications/Xcode.app/Contents/Developer/Platforms/iPhoneSimulator.platform/Developer/SDKs/iPhoneSimulator26.4.sdk -o /Users/aryan/Library/Developer/Xcode/DerivedData/SDKStatCaches.noindex/iphonesimulator26.4-23E237-686eebb5dc1d8ecb277353a59184f4aa.sdkstatcache

ProcessInfoPlistFile /Users/aryan/Library/Developer/Xcode/DerivedData/PaymentTracker-drpybeomqqkxwhfxptpuycgwrzpk/Build/Products/Debug-iphonesimulator/PaymentTracker.app/Info.plist /Users/aryan/Library/Developer/Xcode/DerivedData/PaymentTracker-drpybeomqqkxwhfxptpuycgwrzpk/Build/Intermediates.noindex/PaymentTracker.build/Debug-iphonesimulator/PaymentTracker.build/empty-PaymentTracker.plist (in target 'PaymentTracker' from project 'PaymentTracker')
    cd /Users/aryan/Desktop/PaymentTracker
    builtin-infoPlistUtility /Users/aryan/Library/Developer/Xcode/DerivedData/PaymentTracker-drpybeomqqkxwhfxptpuycgwrzpk/Build/Intermediates.noindex/PaymentTracker.build/Debug-iphonesimulator/PaymentTracker.build/empty-PaymentTracker.plist -producttype com.apple.product-type.application -genpkginfo /Users/aryan/Library/Developer/Xcode/DerivedData/PaymentTracker-drpybeomqqkxwhfxptpuycgwrzpk/Build/Products/Debug-iphonesimulator/PaymentTracker.app/PkgInfo -expandbuildsettings -format binary -platform iphonesimulator -additionalcontentfile /Users/aryan/Library/Developer/Xcode/DerivedData/PaymentTracker-drpybeomqqkxwhfxptpuycgwrzpk/Build/Intermediates.noindex/PaymentTracker.build/Debug-iphonesimulator/PaymentTracker.build/assetcatalog_generated_info.plist -o /Users/aryan/Library/Developer/Xcode/DerivedData/PaymentTracker-drpybeomqqkxwhfxptpuycgwrzpk/Build/Products/Debug-iphonesimulator/PaymentTracker.app/Info.plist

SwiftDriver PaymentTracker normal arm64 com.apple.xcode.tools.swift.compiler (in target 'PaymentTracker' from project 'PaymentTracker')
    cd /Users/aryan/Desktop/PaymentTracker
    builtin-SwiftDriver -- /Applications/Xcode.app/Contents/Developer/Toolchains/XcodeDefault.xctoolchain/usr/bin/swiftc -module-name PaymentTracker -Onone @/Users/aryan/Library/Developer/Xcode/DerivedData/PaymentTracker-drpybeomqqkxwhfxptpuycgwrzpk/Build/Intermediates.noindex/PaymentTracker.build/Debug-iphonesimulator/PaymentTracker.build/Objects-normal/arm64/PaymentTracker.SwiftFileList -DDEBUG -default-isolation\=MainActor -strict-memory-safety -enable-upcoming-feature InternalImportsByDefault -enable-upcoming-feature MemberImportVisibility -enable-upcoming-feature ExistentialAny -enable-upcoming-feature InferIsolatedConformances -enable-upcoming-feature NonisolatedNonsendingByDefault -enable-experimental-feature DebugDescriptionMacro -sdk /Applications/Xcode.app/Contents/Developer/Platforms/iPhoneSimulator.platform/Developer/SDKs/iPhoneSimulator26.4.sdk -target arm64-apple-ios26.0-simulator -g -module-cache-path /Users/aryan/Library/Developer/Xcode/DerivedData/ModuleCache.noindex -Xfrontend -serialize-debugging-options -enable-testing -warnings-as-errors -index-store-path /Users/aryan/Library/Developer/Xcode/DerivedData/PaymentTracker-drpybeomqqkxwhfxptpuycgwrzpk/Index.noindex/DataStore -Xcc -D_LIBCPP_HARDENING_MODE\=_LIBCPP_HARDENING_MODE_DEBUG -swift-version 6 -I /Users/aryan/Library/Developer/Xcode/DerivedData/PaymentTracker-drpybeomqqkxwhfxptpuycgwrzpk/Build/Products/Debug-iphonesimulator -F /Users/aryan/Library/Developer/Xcode/DerivedData/PaymentTracker-drpybeomqqkxwhfxptpuycgwrzpk/Build/Products/Debug-iphonesimulator -emit-localized-strings -emit-localized-strings-path /Users/aryan/Library/Developer/Xcode/DerivedData/PaymentTracker-drpybeomqqkxwhfxptpuycgwrzpk/Build/Intermediates.noindex/PaymentTracker.build/Debug-iphonesimulator/PaymentTracker.build/Objects-normal/arm64 -c -j8 -enable-batch-mode -incremental -Xcc -ivfsstatcache -Xcc /Users/aryan/Library/Developer/Xcode/DerivedData/SDKStatCaches.noindex/iphonesimulator26.4-23E237-686eebb5dc1d8ecb277353a59184f4aa.sdkstatcache -output-file-map /Users/aryan/Library/Developer/Xcode/DerivedData/PaymentTracker-drpybeomqqkxwhfxptpuycgwrzpk/Build/Intermediates.noindex/PaymentTracker.build/Debug-iphonesimulator/PaymentTracker.build/Objects-normal/arm64/PaymentTracker-OutputFileMap.json -use-frontend-parseable-output -save-temps -no-color-diagnostics -explicit-module-build -module-cache-path /Users/aryan/Library/Developer/Xcode/DerivedData/PaymentTracker-drpybeomqqkxwhfxptpuycgwrzpk/Build/Intermediates.noindex/SwiftExplicitPrecompiledModules -clang-scanner-module-cache-path /Users/aryan/Library/Developer/Xcode/DerivedData/ModuleCache.noindex -sdk-module-cache-path /Users/aryan/Library/Developer/Xcode/DerivedData/ModuleCache.noindex -serialize-diagnostics -emit-dependencies -emit-module -emit-module-path /Users/aryan/Library/Developer/Xcode/DerivedData/PaymentTracker-drpybeomqqkxwhfxptpuycgwrzpk/Build/Intermediates.noindex/PaymentTracker.build/Debug-iphonesimulator/PaymentTracker.build/Objects-normal/arm64/PaymentTracker.swiftmodule -validate-clang-modules-once -clang-build-session-file /Users/aryan/Library/Developer/Xcode/DerivedData/ModuleCache.noindex/Session.modulevalidation -Xcc -I/Users/aryan/Library/Developer/Xcode/DerivedData/PaymentTracker-drpybeomqqkxwhfxptpuycgwrzpk/Build/Intermediates.noindex/PaymentTracker.build/Debug-iphonesimulator/PaymentTracker.build/swift-overrides.hmap -emit-const-values -Xfrontend -const-gather-protocols-file -Xfrontend /Users/aryan/Library/Developer/Xcode/DerivedData/PaymentTracker-drpybeomqqkxwhfxptpuycgwrzpk/Build/Intermediates.noindex/PaymentTracker.build/Debug-iphonesimulator/PaymentTracker.build/Objects-normal/arm64/PaymentTracker_const_extract_protocols.json -Xcc -iquote -Xcc /Users/aryan/Library/Developer/Xcode/DerivedData/PaymentTracker-drpybeomqqkxwhfxptpuycgwrzpk/Build/Intermediates.noindex/PaymentTracker.build/Debug-iphonesimulator/PaymentTracker.build/PaymentTracker-generated-files.hmap -Xcc -I/Users/aryan/Library/Developer/Xcode/DerivedData/PaymentTracker-drpybeomqqkxwhfxptpuycgwrzpk/Build/Intermediates.noindex/PaymentTracker.build/Debug-iphonesimulator/PaymentTracker.build/PaymentTracker-own-target-headers.hmap -Xcc -I/Users/aryan/Library/Developer/Xcode/DerivedData/PaymentTracker-drpybeomqqkxwhfxptpuycgwrzpk/Build/Intermediates.noindex/PaymentTracker.build/Debug-iphonesimulator/PaymentTracker.build/PaymentTracker-all-target-headers.hmap -Xcc -iquote -Xcc /Users/aryan/Library/Developer/Xcode/DerivedData/PaymentTracker-drpybeomqqkxwhfxptpuycgwrzpk/Build/Intermediates.noindex/PaymentTracker.build/Debug-iphonesimulator/PaymentTracker.build/PaymentTracker-project-headers.hmap -Xcc -I/Users/aryan/Library/Developer/Xcode/DerivedData/PaymentTracker-drpybeomqqkxwhfxptpuycgwrzpk/Build/Products/Debug-iphonesimulator/include -Xcc -I/Users/aryan/Library/Developer/Xcode/DerivedData/PaymentTracker-drpybeomqqkxwhfxptpuycgwrzpk/Build/Intermediates.noindex/PaymentTracker.build/Debug-iphonesimulator/PaymentTracker.build/DerivedSources-normal/arm64 -Xcc -I/Users/aryan/Library/Developer/Xcode/DerivedData/PaymentTracker-drpybeomqqkxwhfxptpuycgwrzpk/Build/Intermediates.noindex/PaymentTracker.build/Debug-iphonesimulator/PaymentTracker.build/DerivedSources/arm64 -Xcc -I/Users/aryan/Library/Developer/Xcode/DerivedData/PaymentTracker-drpybeomqqkxwhfxptpuycgwrzpk/Build/Intermediates.noindex/PaymentTracker.build/Debug-iphonesimulator/PaymentTracker.build/DerivedSources -Xcc -DDEBUG\=1 -emit-objc-header -emit-objc-header-path /Users/aryan/Library/Developer/Xcode/DerivedData/PaymentTracker-drpybeomqqkxwhfxptpuycgwrzpk/Build/Intermediates.noindex/PaymentTracker.build/Debug-iphonesimulator/PaymentTracker.build/Objects-normal/arm64/PaymentTracker-Swift.h -working-directory /Users/aryan/Desktop/PaymentTracker -experimental-emit-module-separately -disable-cmo

SwiftDriver PaymentTracker normal x86_64 com.apple.xcode.tools.swift.compiler (in target 'PaymentTracker' from project 'PaymentTracker')
    cd /Users/aryan/Desktop/PaymentTracker
    builtin-SwiftDriver -- /Applications/Xcode.app/Contents/Developer/Toolchains/XcodeDefault.xctoolchain/usr/bin/swiftc -module-name PaymentTracker -Onone @/Users/aryan/Library/Developer/Xcode/DerivedData/PaymentTracker-drpybeomqqkxwhfxptpuycgwrzpk/Build/Intermediates.noindex/PaymentTracker.build/Debug-iphonesimulator/PaymentTracker.build/Objects-normal/x86_64/PaymentTracker.SwiftFileList -DDEBUG -default-isolation\=MainActor -strict-memory-safety -enable-upcoming-feature InternalImportsByDefault -enable-upcoming-feature MemberImportVisibility -enable-upcoming-feature ExistentialAny -enable-upcoming-feature InferIsolatedConformances -enable-upcoming-feature NonisolatedNonsendingByDefault -enable-experimental-feature DebugDescriptionMacro -sdk /Applications/Xcode.app/Contents/Developer/Platforms/iPhoneSimulator.platform/Developer/SDKs/iPhoneSimulator26.4.sdk -target x86_64-apple-ios26.0-simulator -g -module-cache-path /Users/aryan/Library/Developer/Xcode/DerivedData/ModuleCache.noindex -Xfrontend -serialize-debugging-options -enable-testing -warnings-as-errors -index-store-path /Users/aryan/Library/Developer/Xcode/DerivedData/PaymentTracker-drpybeomqqkxwhfxptpuycgwrzpk/Index.noindex/DataStore -Xcc -D_LIBCPP_HARDENING_MODE\=_LIBCPP_HARDENING_MODE_DEBUG -swift-version 6 -I /Users/aryan/Library/Developer/Xcode/DerivedData/PaymentTracker-drpybeomqqkxwhfxptpuycgwrzpk/Build/Products/Debug-iphonesimulator -F /Users/aryan/Library/Developer/Xcode/DerivedData/PaymentTracker-drpybeomqqkxwhfxptpuycgwrzpk/Build/Products/Debug-iphonesimulator -emit-localized-strings -emit-localized-strings-path /Users/aryan/Library/Developer/Xcode/DerivedData/PaymentTracker-drpybeomqqkxwhfxptpuycgwrzpk/Build/Intermediates.noindex/PaymentTracker.build/Debug-iphonesimulator/PaymentTracker.build/Objects-normal/x86_64 -c -j8 -enable-batch-mode -incremental -Xcc -ivfsstatcache -Xcc /Users/aryan/Library/Developer/Xcode/DerivedData/SDKStatCaches.noindex/iphonesimulator26.4-23E237-686eebb5dc1d8ecb277353a59184f4aa.sdkstatcache -output-file-map /Users/aryan/Library/Developer/Xcode/DerivedData/PaymentTracker-drpybeomqqkxwhfxptpuycgwrzpk/Build/Intermediates.noindex/PaymentTracker.build/Debug-iphonesimulator/PaymentTracker.build/Objects-normal/x86_64/PaymentTracker-OutputFileMap.json -use-frontend-parseable-output -save-temps -no-color-diagnostics -explicit-module-build -module-cache-path /Users/aryan/Library/Developer/Xcode/DerivedData/PaymentTracker-drpybeomqqkxwhfxptpuycgwrzpk/Build/Intermediates.noindex/SwiftExplicitPrecompiledModules -clang-scanner-module-cache-path /Users/aryan/Library/Developer/Xcode/DerivedData/ModuleCache.noindex -sdk-module-cache-path /Users/aryan/Library/Developer/Xcode/DerivedData/ModuleCache.noindex -serialize-diagnostics -emit-dependencies -emit-module -emit-module-path /Users/aryan/Library/Developer/Xcode/DerivedData/PaymentTracker-drpybeomqqkxwhfxptpuycgwrzpk/Build/Intermediates.noindex/PaymentTracker.build/Debug-iphonesimulator/PaymentTracker.build/Objects-normal/x86_64/PaymentTracker.swiftmodule -validate-clang-modules-once -clang-build-session-file /Users/aryan/Library/Developer/Xcode/DerivedData/ModuleCache.noindex/Session.modulevalidation -Xcc -I/Users/aryan/Library/Developer/Xcode/DerivedData/PaymentTracker-drpybeomqqkxwhfxptpuycgwrzpk/Build/Intermediates.noindex/PaymentTracker.build/Debug-iphonesimulator/PaymentTracker.build/swift-overrides.hmap -emit-const-values -Xfrontend -const-gather-protocols-file -Xfrontend /Users/aryan/Library/Developer/Xcode/DerivedData/PaymentTracker-drpybeomqqkxwhfxptpuycgwrzpk/Build/Intermediates.noindex/PaymentTracker.build/Debug-iphonesimulator/PaymentTracker.build/Objects-normal/x86_64/PaymentTracker_const_extract_protocols.json -Xcc -iquote -Xcc /Users/aryan/Library/Developer/Xcode/DerivedData/PaymentTracker-drpybeomqqkxwhfxptpuycgwrzpk/Build/Intermediates.noindex/PaymentTracker.build/Debug-iphonesimulator/PaymentTracker.build/PaymentTracker-generated-files.hmap -Xcc -I/Users/aryan/Library/Developer/Xcode/DerivedData/PaymentTracker-drpybeomqqkxwhfxptpuycgwrzpk/Build/Intermediates.noindex/PaymentTracker.build/Debug-iphonesimulator/PaymentTracker.build/PaymentTracker-own-target-headers.hmap -Xcc -I/Users/aryan/Library/Developer/Xcode/DerivedData/PaymentTracker-drpybeomqqkxwhfxptpuycgwrzpk/Build/Intermediates.noindex/PaymentTracker.build/Debug-iphonesimulator/PaymentTracker.build/PaymentTracker-all-target-headers.hmap -Xcc -iquote -Xcc /Users/aryan/Library/Developer/Xcode/DerivedData/PaymentTracker-drpybeomqqkxwhfxptpuycgwrzpk/Build/Intermediates.noindex/PaymentTracker.build/Debug-iphonesimulator/PaymentTracker.build/PaymentTracker-project-headers.hmap -Xcc -I/Users/aryan/Library/Developer/Xcode/DerivedData/PaymentTracker-drpybeomqqkxwhfxptpuycgwrzpk/Build/Products/Debug-iphonesimulator/include -Xcc -I/Users/aryan/Library/Developer/Xcode/DerivedData/PaymentTracker-drpybeomqqkxwhfxptpuycgwrzpk/Build/Intermediates.noindex/PaymentTracker.build/Debug-iphonesimulator/PaymentTracker.build/DerivedSources-normal/x86_64 -Xcc -I/Users/aryan/Library/Developer/Xcode/DerivedData/PaymentTracker-drpybeomqqkxwhfxptpuycgwrzpk/Build/Intermediates.noindex/PaymentTracker.build/Debug-iphonesimulator/PaymentTracker.build/DerivedSources/x86_64 -Xcc -I/Users/aryan/Library/Developer/Xcode/DerivedData/PaymentTracker-drpybeomqqkxwhfxptpuycgwrzpk/Build/Intermediates.noindex/PaymentTracker.build/Debug-iphonesimulator/PaymentTracker.build/DerivedSources -Xcc -DDEBUG\=1 -emit-objc-header -emit-objc-header-path /Users/aryan/Library/Developer/Xcode/DerivedData/PaymentTracker-drpybeomqqkxwhfxptpuycgwrzpk/Build/Intermediates.noindex/PaymentTracker.build/Debug-iphonesimulator/PaymentTracker.build/Objects-normal/x86_64/PaymentTracker-Swift.h -working-directory /Users/aryan/Desktop/PaymentTracker -experimental-emit-module-separately -disable-cmo

SwiftEmitModule normal arm64 Emitting\ module\ for\ PaymentTracker (in target 'PaymentTracker' from project 'PaymentTracker')

EmitSwiftModule normal arm64 (in target 'PaymentTracker' from project 'PaymentTracker')
    cd /Users/aryan/Desktop/PaymentTracker
    

SwiftCompile normal arm64 Compiling\ ArchivedTransactionsView.swift /Users/aryan/Desktop/PaymentTracker/PaymentTracker/Tabs/Transactions/ArchivedTransactionsView.swift (in target 'PaymentTracker' from project 'PaymentTracker')
SwiftCompile normal arm64 /Users/aryan/Desktop/PaymentTracker/PaymentTracker/Tabs/Transactions/ArchivedTransactionsView.swift (in target 'PaymentTracker' from project 'PaymentTracker')
    cd /Users/aryan/Desktop/PaymentTracker
    

SwiftEmitModule normal x86_64 Emitting\ module\ for\ PaymentTracker (in target 'PaymentTracker' from project 'PaymentTracker')

EmitSwiftModule normal x86_64 (in target 'PaymentTracker' from project 'PaymentTracker')
    cd /Users/aryan/Desktop/PaymentTracker
    

SwiftCompile normal x86_64 Compiling\ ArchivedTransactionsView.swift /Users/aryan/Desktop/PaymentTracker/PaymentTracker/Tabs/Transactions/ArchivedTransactionsView.swift (in target 'PaymentTracker' from project 'PaymentTracker')

SwiftCompile normal x86_64 /Users/aryan/Desktop/PaymentTracker/PaymentTracker/Tabs/Transactions/ArchivedTransactionsView.swift (in target 'PaymentTracker' from project 'PaymentTracker')
    cd /Users/aryan/Desktop/PaymentTracker
    

SwiftDriverJobDiscovery normal arm64 Emitting module for PaymentTracker (in target 'PaymentTracker' from project 'PaymentTracker')

SwiftDriverJobDiscovery normal x86_64 Emitting module for PaymentTracker (in target 'PaymentTracker' from project 'PaymentTracker')

SwiftDriver\ Compilation\ Requirements PaymentTracker normal arm64 com.apple.xcode.tools.swift.compiler (in target 'PaymentTracker' from project 'PaymentTracker')
    cd /Users/aryan/Desktop/PaymentTracker
    builtin-Swift-Compilation-Requirements -- /Applications/Xcode.app/Contents/Developer/Toolchains/XcodeDefault.xctoolchain/usr/bin/swiftc -module-name PaymentTracker -Onone @/Users/aryan/Library/Developer/Xcode/DerivedData/PaymentTracker-drpybeomqqkxwhfxptpuycgwrzpk/Build/Intermediates.noindex/PaymentTracker.build/Debug-iphonesimulator/PaymentTracker.build/Objects-normal/arm64/PaymentTracker.SwiftFileList -DDEBUG -default-isolation\=MainActor -strict-memory-safety -enable-upcoming-feature InternalImportsByDefault -enable-upcoming-feature MemberImportVisibility -enable-upcoming-feature ExistentialAny -enable-upcoming-feature InferIsolatedConformances -enable-upcoming-feature NonisolatedNonsendingByDefault -enable-experimental-feature DebugDescriptionMacro -sdk /Applications/Xcode.app/Contents/Developer/Platforms/iPhoneSimulator.platform/Developer/SDKs/iPhoneSimulator26.4.sdk -target arm64-apple-ios26.0-simulator -g -module-cache-path /Users/aryan/Library/Developer/Xcode/DerivedData/ModuleCache.noindex -Xfrontend -serialize-debugging-options -enable-testing -warnings-as-errors -index-store-path /Users/aryan/Library/Developer/Xcode/DerivedData/PaymentTracker-drpybeomqqkxwhfxptpuycgwrzpk/Index.noindex/DataStore -Xcc -D_LIBCPP_HARDENING_MODE\=_LIBCPP_HARDENING_MODE_DEBUG -swift-version 6 -I /Users/aryan/Library/Developer/Xcode/DerivedData/PaymentTracker-drpybeomqqkxwhfxptpuycgwrzpk/Build/Products/Debug-iphonesimulator -F /Users/aryan/Library/Developer/Xcode/DerivedData/PaymentTracker-drpybeomqqkxwhfxptpuycgwrzpk/Build/Products/Debug-iphonesimulator -emit-localized-strings -emit-localized-strings-path /Users/aryan/Library/Developer/Xcode/DerivedData/PaymentTracker-drpybeomqqkxwhfxptpuycgwrzpk/Build/Intermediates.noindex/PaymentTracker.build/Debug-iphonesimulator/PaymentTracker.build/Objects-normal/arm64 -c -j8 -enable-batch-mode -incremental -Xcc -ivfsstatcache -Xcc /Users/aryan/Library/Developer/Xcode/DerivedData/SDKStatCaches.noindex/iphonesimulator26.4-23E237-686eebb5dc1d8ecb277353a59184f4aa.sdkstatcache -output-file-map /Users/aryan/Library/Developer/Xcode/DerivedData/PaymentTracker-drpybeomqqkxwhfxptpuycgwrzpk/Build/Intermediates.noindex/PaymentTracker.build/Debug-iphonesimulator/PaymentTracker.build/Objects-normal/arm64/PaymentTracker-OutputFileMap.json -use-frontend-parseable-output -save-temps -no-color-diagnostics -explicit-module-build -module-cache-path /Users/aryan/Library/Developer/Xcode/DerivedData/PaymentTracker-drpybeomqqkxwhfxptpuycgwrzpk/Build/Intermediates.noindex/SwiftExplicitPrecompiledModules -clang-scanner-module-cache-path /Users/aryan/Library/Developer/Xcode/DerivedData/ModuleCache.noindex -sdk-module-cache-path /Users/aryan/Library/Developer/Xcode/DerivedData/ModuleCache.noindex -serialize-diagnostics -emit-dependencies -emit-module -emit-module-path /Users/aryan/Library/Developer/Xcode/DerivedData/PaymentTracker-drpybeomqqkxwhfxptpuycgwrzpk/Build/Intermediates.noindex/PaymentTracker.build/Debug-iphonesimulator/PaymentTracker.build/Objects-normal/arm64/PaymentTracker.swiftmodule -validate-clang-modules-once -clang-build-session-file /Users/aryan/Library/Developer/Xcode/DerivedData/ModuleCache.noindex/Session.modulevalidation -Xcc -I/Users/aryan/Library/Developer/Xcode/DerivedData/PaymentTracker-drpybeomqqkxwhfxptpuycgwrzpk/Build/Intermediates.noindex/PaymentTracker.build/Debug-iphonesimulator/PaymentTracker.build/swift-overrides.hmap -emit-const-values -Xfrontend -const-gather-protocols-file -Xfrontend /Users/aryan/Library/Developer/Xcode/DerivedData/PaymentTracker-drpybeomqqkxwhfxptpuycgwrzpk/Build/Intermediates.noindex/PaymentTracker.build/Debug-iphonesimulator/PaymentTracker.build/Objects-normal/arm64/PaymentTracker_const_extract_protocols.json -Xcc -iquote -Xcc /Users/aryan/Library/Developer/Xcode/DerivedData/PaymentTracker-drpybeomqqkxwhfxptpuycgwrzpk/Build/Intermediates.noindex/PaymentTracker.build/Debug-iphonesimulator/PaymentTracker.build/PaymentTracker-generated-files.hmap -Xcc -I/Users/aryan/Library/Developer/Xcode/DerivedData/PaymentTracker-drpybeomqqkxwhfxptpuycgwrzpk/Build/Intermediates.noindex/PaymentTracker.build/Debug-iphonesimulator/PaymentTracker.build/PaymentTracker-own-target-headers.hmap -Xcc -I/Users/aryan/Library/Developer/Xcode/DerivedData/PaymentTracker-drpybeomqqkxwhfxptpuycgwrzpk/Build/Intermediates.noindex/PaymentTracker.build/Debug-iphonesimulator/PaymentTracker.build/PaymentTracker-all-target-headers.hmap -Xcc -iquote -Xcc /Users/aryan/Library/Developer/Xcode/DerivedData/PaymentTracker-drpybeomqqkxwhfxptpuycgwrzpk/Build/Intermediates.noindex/PaymentTracker.build/Debug-iphonesimulator/PaymentTracker.build/PaymentTracker-project-headers.hmap -Xcc -I/Users/aryan/Library/Developer/Xcode/DerivedData/PaymentTracker-drpybeomqqkxwhfxptpuycgwrzpk/Build/Products/Debug-iphonesimulator/include -Xcc -I/Users/aryan/Library/Developer/Xcode/DerivedData/PaymentTracker-drpybeomqqkxwhfxptpuycgwrzpk/Build/Intermediates.noindex/PaymentTracker.build/Debug-iphonesimulator/PaymentTracker.build/DerivedSources-normal/arm64 -Xcc -I/Users/aryan/Library/Developer/Xcode/DerivedData/PaymentTracker-drpybeomqqkxwhfxptpuycgwrzpk/Build/Intermediates.noindex/PaymentTracker.build/Debug-iphonesimulator/PaymentTracker.build/DerivedSources/arm64 -Xcc -I/Users/aryan/Library/Developer/Xcode/DerivedData/PaymentTracker-drpybeomqqkxwhfxptpuycgwrzpk/Build/Intermediates.noindex/PaymentTracker.build/Debug-iphonesimulator/PaymentTracker.build/DerivedSources -Xcc -DDEBUG\=1 -emit-objc-header -emit-objc-header-path /Users/aryan/Library/Developer/Xcode/DerivedData/PaymentTracker-drpybeomqqkxwhfxptpuycgwrzpk/Build/Intermediates.noindex/PaymentTracker.build/Debug-iphonesimulator/PaymentTracker.build/Objects-normal/arm64/PaymentTracker-Swift.h -working-directory /Users/aryan/Desktop/PaymentTracker -experimental-emit-module-separately -disable-cmo

SwiftDriver\ Compilation\ Requirements PaymentTracker normal x86_64 com.apple.xcode.tools.swift.compiler (in target 'PaymentTracker' from project 'PaymentTracker')
    cd /Users/aryan/Desktop/PaymentTracker
    builtin-Swift-Compilation-Requirements -- /Applications/Xcode.app/Contents/Developer/Toolchains/XcodeDefault.xctoolchain/usr/bin/swiftc -module-name PaymentTracker -Onone @/Users/aryan/Library/Developer/Xcode/DerivedData/PaymentTracker-drpybeomqqkxwhfxptpuycgwrzpk/Build/Intermediates.noindex/PaymentTracker.build/Debug-iphonesimulator/PaymentTracker.build/Objects-normal/x86_64/PaymentTracker.SwiftFileList -DDEBUG -default-isolation\=MainActor -strict-memory-safety -enable-upcoming-feature InternalImportsByDefault -enable-upcoming-feature MemberImportVisibility -enable-upcoming-feature ExistentialAny -enable-upcoming-feature InferIsolatedConformances -enable-upcoming-feature NonisolatedNonsendingByDefault -enable-experimental-feature DebugDescriptionMacro -sdk /Applications/Xcode.app/Contents/Developer/Platforms/iPhoneSimulator.platform/Developer/SDKs/iPhoneSimulator26.4.sdk -target x86_64-apple-ios26.0-simulator -g -module-cache-path /Users/aryan/Library/Developer/Xcode/DerivedData/ModuleCache.noindex -Xfrontend -serialize-debugging-options -enable-testing -warnings-as-errors -index-store-path /Users/aryan/Library/Developer/Xcode/DerivedData/PaymentTracker-drpybeomqqkxwhfxptpuycgwrzpk/Index.noindex/DataStore -Xcc -D_LIBCPP_HARDENING_MODE\=_LIBCPP_HARDENING_MODE_DEBUG -swift-version 6 -I /Users/aryan/Library/Developer/Xcode/DerivedData/PaymentTracker-drpybeomqqkxwhfxptpuycgwrzpk/Build/Products/Debug-iphonesimulator -F /Users/aryan/Library/Developer/Xcode/DerivedData/PaymentTracker-drpybeomqqkxwhfxptpuycgwrzpk/Build/Products/Debug-iphonesimulator -emit-localized-strings -emit-localized-strings-path /Users/aryan/Library/Developer/Xcode/DerivedData/PaymentTracker-drpybeomqqkxwhfxptpuycgwrzpk/Build/Intermediates.noindex/PaymentTracker.build/Debug-iphonesimulator/PaymentTracker.build/Objects-normal/x86_64 -c -j8 -enable-batch-mode -incremental -Xcc -ivfsstatcache -Xcc /Users/aryan/Library/Developer/Xcode/DerivedData/SDKStatCaches.noindex/iphonesimulator26.4-23E237-686eebb5dc1d8ecb277353a59184f4aa.sdkstatcache -output-file-map /Users/aryan/Library/Developer/Xcode/DerivedData/PaymentTracker-drpybeomqqkxwhfxptpuycgwrzpk/Build/Intermediates.noindex/PaymentTracker.build/Debug-iphonesimulator/PaymentTracker.build/Objects-normal/x86_64/PaymentTracker-OutputFileMap.json -use-frontend-parseable-output -save-temps -no-color-diagnostics -explicit-module-build -module-cache-path /Users/aryan/Library/Developer/Xcode/DerivedData/PaymentTracker-drpybeomqqkxwhfxptpuycgwrzpk/Build/Intermediates.noindex/SwiftExplicitPrecompiledModules -clang-scanner-module-cache-path /Users/aryan/Library/Developer/Xcode/DerivedData/ModuleCache.noindex -sdk-module-cache-path /Users/aryan/Library/Developer/Xcode/DerivedData/ModuleCache.noindex -serialize-diagnostics -emit-dependencies -emit-module -emit-module-path /Users/aryan/Library/Developer/Xcode/DerivedData/PaymentTracker-drpybeomqqkxwhfxptpuycgwrzpk/Build/Intermediates.noindex/PaymentTracker.build/Debug-iphonesimulator/PaymentTracker.build/Objects-normal/x86_64/PaymentTracker.swiftmodule -validate-clang-modules-once -clang-build-session-file /Users/aryan/Library/Developer/Xcode/DerivedData/ModuleCache.noindex/Session.modulevalidation -Xcc -I/Users/aryan/Library/Developer/Xcode/DerivedData/PaymentTracker-drpybeomqqkxwhfxptpuycgwrzpk/Build/Intermediates.noindex/PaymentTracker.build/Debug-iphonesimulator/PaymentTracker.build/swift-overrides.hmap -emit-const-values -Xfrontend -const-gather-protocols-file -Xfrontend /Users/aryan/Library/Developer/Xcode/DerivedData/PaymentTracker-drpybeomqqkxwhfxptpuycgwrzpk/Build/Intermediates.noindex/PaymentTracker.build/Debug-iphonesimulator/PaymentTracker.build/Objects-normal/x86_64/PaymentTracker_const_extract_protocols.json -Xcc -iquote -Xcc /Users/aryan/Library/Developer/Xcode/DerivedData/PaymentTracker-drpybeomqqkxwhfxptpuycgwrzpk/Build/Intermediates.noindex/PaymentTracker.build/Debug-iphonesimulator/PaymentTracker.build/PaymentTracker-generated-files.hmap -Xcc -I/Users/aryan/Library/Developer/Xcode/DerivedData/PaymentTracker-drpybeomqqkxwhfxptpuycgwrzpk/Build/Intermediates.noindex/PaymentTracker.build/Debug-iphonesimulator/PaymentTracker.build/PaymentTracker-own-target-headers.hmap -Xcc -I/Users/aryan/Library/Developer/Xcode/DerivedData/PaymentTracker-drpybeomqqkxwhfxptpuycgwrzpk/Build/Intermediates.noindex/PaymentTracker.build/Debug-iphonesimulator/PaymentTracker.build/PaymentTracker-all-target-headers.hmap -Xcc -iquote -Xcc /Users/aryan/Library/Developer/Xcode/DerivedData/PaymentTracker-drpybeomqqkxwhfxptpuycgwrzpk/Build/Intermediates.noindex/PaymentTracker.build/Debug-iphonesimulator/PaymentTracker.build/PaymentTracker-project-headers.hmap -Xcc -I/Users/aryan/Library/Developer/Xcode/DerivedData/PaymentTracker-drpybeomqqkxwhfxptpuycgwrzpk/Build/Products/Debug-iphonesimulator/include -Xcc -I/Users/aryan/Library/Developer/Xcode/DerivedData/PaymentTracker-drpybeomqqkxwhfxptpuycgwrzpk/Build/Intermediates.noindex/PaymentTracker.build/Debug-iphonesimulator/PaymentTracker.build/DerivedSources-normal/x86_64 -Xcc -I/Users/aryan/Library/Developer/Xcode/DerivedData/PaymentTracker-drpybeomqqkxwhfxptpuycgwrzpk/Build/Intermediates.noindex/PaymentTracker.build/Debug-iphonesimulator/PaymentTracker.build/DerivedSources/x86_64 -Xcc -I/Users/aryan/Library/Developer/Xcode/DerivedData/PaymentTracker-drpybeomqqkxwhfxptpuycgwrzpk/Build/Intermediates.noindex/PaymentTracker.build/Debug-iphonesimulator/PaymentTracker.build/DerivedSources -Xcc -DDEBUG\=1 -emit-objc-header -emit-objc-header-path /Users/aryan/Library/Developer/Xcode/DerivedData/PaymentTracker-drpybeomqqkxwhfxptpuycgwrzpk/Build/Intermediates.noindex/PaymentTracker.build/Debug-iphonesimulator/PaymentTracker.build/Objects-normal/x86_64/PaymentTracker-Swift.h -working-directory /Users/aryan/Desktop/PaymentTracker -experimental-emit-module-separately -disable-cmo

Copy /Users/aryan/Library/Developer/Xcode/DerivedData/PaymentTracker-drpybeomqqkxwhfxptpuycgwrzpk/Build/Products/Debug-iphonesimulator/PaymentTracker.swiftmodule/x86_64-apple-ios-simulator.abi.json /Users/aryan/Library/Developer/Xcode/DerivedData/PaymentTracker-drpybeomqqkxwhfxptpuycgwrzpk/Build/Intermediates.noindex/PaymentTracker.build/Debug-iphonesimulator/PaymentTracker.build/Objects-normal/x86_64/PaymentTracker.abi.json (in target 'PaymentTracker' from project 'PaymentTracker')
    cd /Users/aryan/Desktop/PaymentTracker
    builtin-copy -exclude .DS_Store -exclude CVS -exclude .svn -exclude .git -exclude .hg -resolve-src-symlinks -rename /Users/aryan/Library/Developer/Xcode/DerivedData/PaymentTracker-drpybeomqqkxwhfxptpuycgwrzpk/Build/Intermediates.noindex/PaymentTracker.build/Debug-iphonesimulator/PaymentTracker.build/Objects-normal/x86_64/PaymentTracker.abi.json /Users/aryan/Library/Developer/Xcode/DerivedData/PaymentTracker-drpybeomqqkxwhfxptpuycgwrzpk/Build/Products/Debug-iphonesimulator/PaymentTracker.swiftmodule/x86_64-apple-ios-simulator.abi.json

Copy /Users/aryan/Library/Developer/Xcode/DerivedData/PaymentTracker-drpybeomqqkxwhfxptpuycgwrzpk/Build/Products/Debug-iphonesimulator/PaymentTracker.swiftmodule/Project/x86_64-apple-ios-simulator.swiftsourceinfo /Users/aryan/Library/Developer/Xcode/DerivedData/PaymentTracker-drpybeomqqkxwhfxptpuycgwrzpk/Build/Intermediates.noindex/PaymentTracker.build/Debug-iphonesimulator/PaymentTracker.build/Objects-normal/x86_64/PaymentTracker.swiftsourceinfo (in target 'PaymentTracker' from project 'PaymentTracker')
    cd /Users/aryan/Desktop/PaymentTracker
    builtin-copy -exclude .DS_Store -exclude CVS -exclude .svn -exclude .git -exclude .hg -resolve-src-symlinks -rename /Users/aryan/Library/Developer/Xcode/DerivedData/PaymentTracker-drpybeomqqkxwhfxptpuycgwrzpk/Build/Intermediates.noindex/PaymentTracker.build/Debug-iphonesimulator/PaymentTracker.build/Objects-normal/x86_64/PaymentTracker.swiftsourceinfo /Users/aryan/Library/Developer/Xcode/DerivedData/PaymentTracker-drpybeomqqkxwhfxptpuycgwrzpk/Build/Products/Debug-iphonesimulator/PaymentTracker.swiftmodule/Project/x86_64-apple-ios-simulator.swiftsourceinfo

Copy /Users/aryan/Library/Developer/Xcode/DerivedData/PaymentTracker-drpybeomqqkxwhfxptpuycgwrzpk/Build/Products/Debug-iphonesimulator/PaymentTracker.swiftmodule/Project/arm64-apple-ios-simulator.swiftsourceinfo /Users/aryan/Library/Developer/Xcode/DerivedData/PaymentTracker-drpybeomqqkxwhfxptpuycgwrzpk/Build/Intermediates.noindex/PaymentTracker.build/Debug-iphonesimulator/PaymentTracker.build/Objects-normal/arm64/PaymentTracker.swiftsourceinfo (in target 'PaymentTracker' from project 'PaymentTracker')
    cd /Users/aryan/Desktop/PaymentTracker
    builtin-copy -exclude .DS_Store -exclude CVS -exclude .svn -exclude .git -exclude .hg -resolve-src-symlinks -rename /Users/aryan/Library/Developer/Xcode/DerivedData/PaymentTracker-drpybeomqqkxwhfxptpuycgwrzpk/Build/Intermediates.noindex/PaymentTracker.build/Debug-iphonesimulator/PaymentTracker.build/Objects-normal/arm64/PaymentTracker.swiftsourceinfo /Users/aryan/Library/Developer/Xcode/DerivedData/PaymentTracker-drpybeomqqkxwhfxptpuycgwrzpk/Build/Products/Debug-iphonesimulator/PaymentTracker.swiftmodule/Project/arm64-apple-ios-simulator.swiftsourceinfo

Copy /Users/aryan/Library/Developer/Xcode/DerivedData/PaymentTracker-drpybeomqqkxwhfxptpuycgwrzpk/Build/Products/Debug-iphonesimulator/PaymentTracker.swiftmodule/arm64-apple-ios-simulator.abi.json /Users/aryan/Library/Developer/Xcode/DerivedData/PaymentTracker-drpybeomqqkxwhfxptpuycgwrzpk/Build/Intermediates.noindex/PaymentTracker.build/Debug-iphonesimulator/PaymentTracker.build/Objects-normal/arm64/PaymentTracker.abi.json (in target 'PaymentTracker' from project 'PaymentTracker')
    cd /Users/aryan/Desktop/PaymentTracker
    builtin-copy -exclude .DS_Store -exclude CVS -exclude .svn -exclude .git -exclude .hg -resolve-src-symlinks -rename /Users/aryan/Library/Developer/Xcode/DerivedData/PaymentTracker-drpybeomqqkxwhfxptpuycgwrzpk/Build/Intermediates.noindex/PaymentTracker.build/Debug-iphonesimulator/PaymentTracker.build/Objects-normal/arm64/PaymentTracker.abi.json /Users/aryan/Library/Developer/Xcode/DerivedData/PaymentTracker-drpybeomqqkxwhfxptpuycgwrzpk/Build/Products/Debug-iphonesimulator/PaymentTracker.swiftmodule/arm64-apple-ios-simulator.abi.json

SwiftDriverJobDiscovery normal x86_64 Compiling ArchivedTransactionsView.swift (in target 'PaymentTracker' from project 'PaymentTracker')

SwiftDriver\ Compilation PaymentTracker normal x86_64 com.apple.xcode.tools.swift.compiler (in target 'PaymentTracker' from project 'PaymentTracker')
    cd /Users/aryan/Desktop/PaymentTracker
    builtin-Swift-Compilation -- /Applications/Xcode.app/Contents/Developer/Toolchains/XcodeDefault.xctoolchain/usr/bin/swiftc -module-name PaymentTracker -Onone @/Users/aryan/Library/Developer/Xcode/DerivedData/PaymentTracker-drpybeomqqkxwhfxptpuycgwrzpk/Build/Intermediates.noindex/PaymentTracker.build/Debug-iphonesimulator/PaymentTracker.build/Objects-normal/x86_64/PaymentTracker.SwiftFileList -DDEBUG -default-isolation\=MainActor -strict-memory-safety -enable-upcoming-feature InternalImportsByDefault -enable-upcoming-feature MemberImportVisibility -enable-upcoming-feature ExistentialAny -enable-upcoming-feature InferIsolatedConformances -enable-upcoming-feature NonisolatedNonsendingByDefault -enable-experimental-feature DebugDescriptionMacro -sdk /Applications/Xcode.app/Contents/Developer/Platforms/iPhoneSimulator.platform/Developer/SDKs/iPhoneSimulator26.4.sdk -target x86_64-apple-ios26.0-simulator -g -module-cache-path /Users/aryan/Library/Developer/Xcode/DerivedData/ModuleCache.noindex -Xfrontend -serialize-debugging-options -enable-testing -warnings-as-errors -index-store-path /Users/aryan/Library/Developer/Xcode/DerivedData/PaymentTracker-drpybeomqqkxwhfxptpuycgwrzpk/Index.noindex/DataStore -Xcc -D_LIBCPP_HARDENING_MODE\=_LIBCPP_HARDENING_MODE_DEBUG -swift-version 6 -I /Users/aryan/Library/Developer/Xcode/DerivedData/PaymentTracker-drpybeomqqkxwhfxptpuycgwrzpk/Build/Products/Debug-iphonesimulator -F /Users/aryan/Library/Developer/Xcode/DerivedData/PaymentTracker-drpybeomqqkxwhfxptpuycgwrzpk/Build/Products/Debug-iphonesimulator -emit-localized-strings -emit-localized-strings-path /Users/aryan/Library/Developer/Xcode/DerivedData/PaymentTracker-drpybeomqqkxwhfxptpuycgwrzpk/Build/Intermediates.noindex/PaymentTracker.build/Debug-iphonesimulator/PaymentTracker.build/Objects-normal/x86_64 -c -j8 -enable-batch-mode -incremental -Xcc -ivfsstatcache -Xcc /Users/aryan/Library/Developer/Xcode/DerivedData/SDKStatCaches.noindex/iphonesimulator26.4-23E237-686eebb5dc1d8ecb277353a59184f4aa.sdkstatcache -output-file-map /Users/aryan/Library/Developer/Xcode/DerivedData/PaymentTracker-drpybeomqqkxwhfxptpuycgwrzpk/Build/Intermediates.noindex/PaymentTracker.build/Debug-iphonesimulator/PaymentTracker.build/Objects-normal/x86_64/PaymentTracker-OutputFileMap.json -use-frontend-parseable-output -save-temps -no-color-diagnostics -explicit-module-build -module-cache-path /Users/aryan/Library/Developer/Xcode/DerivedData/PaymentTracker-drpybeomqqkxwhfxptpuycgwrzpk/Build/Intermediates.noindex/SwiftExplicitPrecompiledModules -clang-scanner-module-cache-path /Users/aryan/Library/Developer/Xcode/DerivedData/ModuleCache.noindex -sdk-module-cache-path /Users/aryan/Library/Developer/Xcode/DerivedData/ModuleCache.noindex -serialize-diagnostics -emit-dependencies -emit-module -emit-module-path /Users/aryan/Library/Developer/Xcode/DerivedData/PaymentTracker-drpybeomqqkxwhfxptpuycgwrzpk/Build/Intermediates.noindex/PaymentTracker.build/Debug-iphonesimulator/PaymentTracker.build/Objects-normal/x86_64/PaymentTracker.swiftmodule -validate-clang-modules-once -clang-build-session-file /Users/aryan/Library/Developer/Xcode/DerivedData/ModuleCache.noindex/Session.modulevalidation -Xcc -I/Users/aryan/Library/Developer/Xcode/DerivedData/PaymentTracker-drpybeomqqkxwhfxptpuycgwrzpk/Build/Intermediates.noindex/PaymentTracker.build/Debug-iphonesimulator/PaymentTracker.build/swift-overrides.hmap -emit-const-values -Xfrontend -const-gather-protocols-file -Xfrontend /Users/aryan/Library/Developer/Xcode/DerivedData/PaymentTracker-drpybeomqqkxwhfxptpuycgwrzpk/Build/Intermediates.noindex/PaymentTracker.build/Debug-iphonesimulator/PaymentTracker.build/Objects-normal/x86_64/PaymentTracker_const_extract_protocols.json -Xcc -iquote -Xcc /Users/aryan/Library/Developer/Xcode/DerivedData/PaymentTracker-drpybeomqqkxwhfxptpuycgwrzpk/Build/Intermediates.noindex/PaymentTracker.build/Debug-iphonesimulator/PaymentTracker.build/PaymentTracker-generated-files.hmap -Xcc -I/Users/aryan/Library/Developer/Xcode/DerivedData/PaymentTracker-drpybeomqqkxwhfxptpuycgwrzpk/Build/Intermediates.noindex/PaymentTracker.build/Debug-iphonesimulator/PaymentTracker.build/PaymentTracker-own-target-headers.hmap -Xcc -I/Users/aryan/Library/Developer/Xcode/DerivedData/PaymentTracker-drpybeomqqkxwhfxptpuycgwrzpk/Build/Intermediates.noindex/PaymentTracker.build/Debug-iphonesimulator/PaymentTracker.build/PaymentTracker-all-target-headers.hmap -Xcc -iquote -Xcc /Users/aryan/Library/Developer/Xcode/DerivedData/PaymentTracker-drpybeomqqkxwhfxptpuycgwrzpk/Build/Intermediates.noindex/PaymentTracker.build/Debug-iphonesimulator/PaymentTracker.build/PaymentTracker-project-headers.hmap -Xcc -I/Users/aryan/Library/Developer/Xcode/DerivedData/PaymentTracker-drpybeomqqkxwhfxptpuycgwrzpk/Build/Products/Debug-iphonesimulator/include -Xcc -I/Users/aryan/Library/Developer/Xcode/DerivedData/PaymentTracker-drpybeomqqkxwhfxptpuycgwrzpk/Build/Intermediates.noindex/PaymentTracker.build/Debug-iphonesimulator/PaymentTracker.build/DerivedSources-normal/x86_64 -Xcc -I/Users/aryan/Library/Developer/Xcode/DerivedData/PaymentTracker-drpybeomqqkxwhfxptpuycgwrzpk/Build/Intermediates.noindex/PaymentTracker.build/Debug-iphonesimulator/PaymentTracker.build/DerivedSources/x86_64 -Xcc -I/Users/aryan/Library/Developer/Xcode/DerivedData/PaymentTracker-drpybeomqqkxwhfxptpuycgwrzpk/Build/Intermediates.noindex/PaymentTracker.build/Debug-iphonesimulator/PaymentTracker.build/DerivedSources -Xcc -DDEBUG\=1 -emit-objc-header -emit-objc-header-path /Users/aryan/Library/Developer/Xcode/DerivedData/PaymentTracker-drpybeomqqkxwhfxptpuycgwrzpk/Build/Intermediates.noindex/PaymentTracker.build/Debug-iphonesimulator/PaymentTracker.build/Objects-normal/x86_64/PaymentTracker-Swift.h -working-directory /Users/aryan/Desktop/PaymentTracker -experimental-emit-module-separately -disable-cmo

SwiftDriverJobDiscovery normal arm64 Compiling ArchivedTransactionsView.swift (in target 'PaymentTracker' from project 'PaymentTracker')

SwiftDriver\ Compilation PaymentTracker normal arm64 com.apple.xcode.tools.swift.compiler (in target 'PaymentTracker' from project 'PaymentTracker')
    cd /Users/aryan/Desktop/PaymentTracker
    builtin-Swift-Compilation -- /Applications/Xcode.app/Contents/Developer/Toolchains/XcodeDefault.xctoolchain/usr/bin/swiftc -module-name PaymentTracker -Onone @/Users/aryan/Library/Developer/Xcode/DerivedData/PaymentTracker-drpybeomqqkxwhfxptpuycgwrzpk/Build/Intermediates.noindex/PaymentTracker.build/Debug-iphonesimulator/PaymentTracker.build/Objects-normal/arm64/PaymentTracker.SwiftFileList -DDEBUG -default-isolation\=MainActor -strict-memory-safety -enable-upcoming-feature InternalImportsByDefault -enable-upcoming-feature MemberImportVisibility -enable-upcoming-feature ExistentialAny -enable-upcoming-feature InferIsolatedConformances -enable-upcoming-feature NonisolatedNonsendingByDefault -enable-experimental-feature DebugDescriptionMacro -sdk /Applications/Xcode.app/Contents/Developer/Platforms/iPhoneSimulator.platform/Developer/SDKs/iPhoneSimulator26.4.sdk -target arm64-apple-ios26.0-simulator -g -module-cache-path /Users/aryan/Library/Developer/Xcode/DerivedData/ModuleCache.noindex -Xfrontend -serialize-debugging-options -enable-testing -warnings-as-errors -index-store-path /Users/aryan/Library/Developer/Xcode/DerivedData/PaymentTracker-drpybeomqqkxwhfxptpuycgwrzpk/Index.noindex/DataStore -Xcc -D_LIBCPP_HARDENING_MODE\=_LIBCPP_HARDENING_MODE_DEBUG -swift-version 6 -I /Users/aryan/Library/Developer/Xcode/DerivedData/PaymentTracker-drpybeomqqkxwhfxptpuycgwrzpk/Build/Products/Debug-iphonesimulator -F /Users/aryan/Library/Developer/Xcode/DerivedData/PaymentTracker-drpybeomqqkxwhfxptpuycgwrzpk/Build/Products/Debug-iphonesimulator -emit-localized-strings -emit-localized-strings-path /Users/aryan/Library/Developer/Xcode/DerivedData/PaymentTracker-drpybeomqqkxwhfxptpuycgwrzpk/Build/Intermediates.noindex/PaymentTracker.build/Debug-iphonesimulator/PaymentTracker.build/Objects-normal/arm64 -c -j8 -enable-batch-mode -incremental -Xcc -ivfsstatcache -Xcc /Users/aryan/Library/Developer/Xcode/DerivedData/SDKStatCaches.noindex/iphonesimulator26.4-23E237-686eebb5dc1d8ecb277353a59184f4aa.sdkstatcache -output-file-map /Users/aryan/Library/Developer/Xcode/DerivedData/PaymentTracker-drpybeomqqkxwhfxptpuycgwrzpk/Build/Intermediates.noindex/PaymentTracker.build/Debug-iphonesimulator/PaymentTracker.build/Objects-normal/arm64/PaymentTracker-OutputFileMap.json -use-frontend-parseable-output -save-temps -no-color-diagnostics -explicit-module-build -module-cache-path /Users/aryan/Library/Developer/Xcode/DerivedData/PaymentTracker-drpybeomqqkxwhfxptpuycgwrzpk/Build/Intermediates.noindex/SwiftExplicitPrecompiledModules -clang-scanner-module-cache-path /Users/aryan/Library/Developer/Xcode/DerivedData/ModuleCache.noindex -sdk-module-cache-path /Users/aryan/Library/Developer/Xcode/DerivedData/ModuleCache.noindex -serialize-diagnostics -emit-dependencies -emit-module -emit-module-path /Users/aryan/Library/Developer/Xcode/DerivedData/PaymentTracker-drpybeomqqkxwhfxptpuycgwrzpk/Build/Intermediates.noindex/PaymentTracker.build/Debug-iphonesimulator/PaymentTracker.build/Objects-normal/arm64/PaymentTracker.swiftmodule -validate-clang-modules-once -clang-build-session-file /Users/aryan/Library/Developer/Xcode/DerivedData/ModuleCache.noindex/Session.modulevalidation -Xcc -I/Users/aryan/Library/Developer/Xcode/DerivedData/PaymentTracker-drpybeomqqkxwhfxptpuycgwrzpk/Build/Intermediates.noindex/PaymentTracker.build/Debug-iphonesimulator/PaymentTracker.build/swift-overrides.hmap -emit-const-values -Xfrontend -const-gather-protocols-file -Xfrontend /Users/aryan/Library/Developer/Xcode/DerivedData/PaymentTracker-drpybeomqqkxwhfxptpuycgwrzpk/Build/Intermediates.noindex/PaymentTracker.build/Debug-iphonesimulator/PaymentTracker.build/Objects-normal/arm64/PaymentTracker_const_extract_protocols.json -Xcc -iquote -Xcc /Users/aryan/Library/Developer/Xcode/DerivedData/PaymentTracker-drpybeomqqkxwhfxptpuycgwrzpk/Build/Intermediates.noindex/PaymentTracker.build/Debug-iphonesimulator/PaymentTracker.build/PaymentTracker-generated-files.hmap -Xcc -I/Users/aryan/Library/Developer/Xcode/DerivedData/PaymentTracker-drpybeomqqkxwhfxptpuycgwrzpk/Build/Intermediates.noindex/PaymentTracker.build/Debug-iphonesimulator/PaymentTracker.build/PaymentTracker-own-target-headers.hmap -Xcc -I/Users/aryan/Library/Developer/Xcode/DerivedData/PaymentTracker-drpybeomqqkxwhfxptpuycgwrzpk/Build/Intermediates.noindex/PaymentTracker.build/Debug-iphonesimulator/PaymentTracker.build/PaymentTracker-all-target-headers.hmap -Xcc -iquote -Xcc /Users/aryan/Library/Developer/Xcode/DerivedData/PaymentTracker-drpybeomqqkxwhfxptpuycgwrzpk/Build/Intermediates.noindex/PaymentTracker.build/Debug-iphonesimulator/PaymentTracker.build/PaymentTracker-project-headers.hmap -Xcc -I/Users/aryan/Library/Developer/Xcode/DerivedData/PaymentTracker-drpybeomqqkxwhfxptpuycgwrzpk/Build/Products/Debug-iphonesimulator/include -Xcc -I/Users/aryan/Library/Developer/Xcode/DerivedData/PaymentTracker-drpybeomqqkxwhfxptpuycgwrzpk/Build/Intermediates.noindex/PaymentTracker.build/Debug-iphonesimulator/PaymentTracker.build/DerivedSources-normal/arm64 -Xcc -I/Users/aryan/Library/Developer/Xcode/DerivedData/PaymentTracker-drpybeomqqkxwhfxptpuycgwrzpk/Build/Intermediates.noindex/PaymentTracker.build/Debug-iphonesimulator/PaymentTracker.build/DerivedSources/arm64 -Xcc -I/Users/aryan/Library/Developer/Xcode/DerivedData/PaymentTracker-drpybeomqqkxwhfxptpuycgwrzpk/Build/Intermediates.noindex/PaymentTracker.build/Debug-iphonesimulator/PaymentTracker.build/DerivedSources -Xcc -DDEBUG\=1 -emit-objc-header -emit-objc-header-path /Users/aryan/Library/Developer/Xcode/DerivedData/PaymentTracker-drpybeomqqkxwhfxptpuycgwrzpk/Build/Intermediates.noindex/PaymentTracker.build/Debug-iphonesimulator/PaymentTracker.build/Objects-normal/arm64/PaymentTracker-Swift.h -working-directory /Users/aryan/Desktop/PaymentTracker -experimental-emit-module-separately -disable-cmo

Ld /Users/aryan/Library/Developer/Xcode/DerivedData/PaymentTracker-drpybeomqqkxwhfxptpuycgwrzpk/Build/Intermediates.noindex/PaymentTracker.build/Debug-iphonesimulator/PaymentTracker.build/Objects-normal/x86_64/Binary/PaymentTracker.debug.dylib normal x86_64 (in target 'PaymentTracker' from project 'PaymentTracker')
    cd /Users/aryan/Desktop/PaymentTracker
    /Applications/Xcode.app/Contents/Developer/Toolchains/XcodeDefault.xctoolchain/usr/bin/clang -Xlinker -reproducible -target x86_64-apple-ios26.0-simulator -dynamiclib -isysroot /Applications/Xcode.app/Contents/Developer/Platforms/iPhoneSimulator.platform/Developer/SDKs/iPhoneSimulator26.4.sdk -O0 -L/Users/aryan/Library/Developer/Xcode/DerivedData/PaymentTracker-drpybeomqqkxwhfxptpuycgwrzpk/Build/Intermediates.noindex/EagerLinkingTBDs/Debug-iphonesimulator -L/Users/aryan/Library/Developer/Xcode/DerivedData/PaymentTracker-drpybeomqqkxwhfxptpuycgwrzpk/Build/Products/Debug-iphonesimulator -F/Users/aryan/Library/Developer/Xcode/DerivedData/PaymentTracker-drpybeomqqkxwhfxptpuycgwrzpk/Build/Intermediates.noindex/EagerLinkingTBDs/Debug-iphonesimulator -F/Users/aryan/Library/Developer/Xcode/DerivedData/PaymentTracker-drpybeomqqkxwhfxptpuycgwrzpk/Build/Products/Debug-iphonesimulator -filelist /Users/aryan/Library/Developer/Xcode/DerivedData/PaymentTracker-drpybeomqqkxwhfxptpuycgwrzpk/Build/Intermediates.noindex/PaymentTracker.build/Debug-iphonesimulator/PaymentTracker.build/Objects-normal/x86_64/PaymentTracker.LinkFileList -install_name @rpath/PaymentTracker.debug.dylib -Xlinker -rpath -Xlinker @executable_path/Frameworks -Xlinker -dead_strip -Xlinker -object_path_lto -Xlinker /Users/aryan/Library/Developer/Xcode/DerivedData/PaymentTracker-drpybeomqqkxwhfxptpuycgwrzpk/Build/Intermediates.noindex/PaymentTracker.build/Debug-iphonesimulator/PaymentTracker.build/Objects-normal/x86_64/PaymentTracker_lto.o -rdynamic -Xlinker -no_deduplicate -Xlinker -objc_abi_version -Xlinker 2 -Xlinker -dependency_info -Xlinker /Users/aryan/Library/Developer/Xcode/DerivedData/PaymentTracker-drpybeomqqkxwhfxptpuycgwrzpk/Build/Intermediates.noindex/PaymentTracker.build/Debug-iphonesimulator/PaymentTracker.build/Objects-normal/x86_64/PaymentTracker_dependency_info.dat -fobjc-link-runtime -L/Applications/Xcode.app/Contents/Developer/Toolchains/XcodeDefault.xctoolchain/usr/lib/swift/iphonesimulator -L/usr/lib/swift -Xlinker -add_ast_path -Xlinker /Users/aryan/Library/Developer/Xcode/DerivedData/PaymentTracker-drpybeomqqkxwhfxptpuycgwrzpk/Build/Intermediates.noindex/PaymentTracker.build/Debug-iphonesimulator/PaymentTracker.build/Objects-normal/x86_64/PaymentTracker.swiftmodule @/Users/aryan/Library/Developer/Xcode/DerivedData/PaymentTracker-drpybeomqqkxwhfxptpuycgwrzpk/Build/Intermediates.noindex/PaymentTracker.build/Debug-iphonesimulator/PaymentTracker.build/Objects-normal/x86_64/PaymentTracker-linker-args.resp -Xlinker -alias -Xlinker _main -Xlinker ___debug_main_executable_dylib_entry_point -Xlinker -no_adhoc_codesign -o /Users/aryan/Library/Developer/Xcode/DerivedData/PaymentTracker-drpybeomqqkxwhfxptpuycgwrzpk/Build/Intermediates.noindex/PaymentTracker.build/Debug-iphonesimulator/PaymentTracker.build/Objects-normal/x86_64/Binary/PaymentTracker.debug.dylib

Ld /Users/aryan/Library/Developer/Xcode/DerivedData/PaymentTracker-drpybeomqqkxwhfxptpuycgwrzpk/Build/Intermediates.noindex/PaymentTracker.build/Debug-iphonesimulator/PaymentTracker.build/Objects-normal/arm64/Binary/PaymentTracker.debug.dylib normal arm64 (in target 'PaymentTracker' from project 'PaymentTracker')
    cd /Users/aryan/Desktop/PaymentTracker
    /Applications/Xcode.app/Contents/Developer/Toolchains/XcodeDefault.xctoolchain/usr/bin/clang -Xlinker -reproducible -target arm64-apple-ios26.0-simulator -dynamiclib -isysroot /Applications/Xcode.app/Contents/Developer/Platforms/iPhoneSimulator.platform/Developer/SDKs/iPhoneSimulator26.4.sdk -O0 -L/Users/aryan/Library/Developer/Xcode/DerivedData/PaymentTracker-drpybeomqqkxwhfxptpuycgwrzpk/Build/Intermediates.noindex/EagerLinkingTBDs/Debug-iphonesimulator -L/Users/aryan/Library/Developer/Xcode/DerivedData/PaymentTracker-drpybeomqqkxwhfxptpuycgwrzpk/Build/Products/Debug-iphonesimulator -F/Users/aryan/Library/Developer/Xcode/DerivedData/PaymentTracker-drpybeomqqkxwhfxptpuycgwrzpk/Build/Intermediates.noindex/EagerLinkingTBDs/Debug-iphonesimulator -F/Users/aryan/Library/Developer/Xcode/DerivedData/PaymentTracker-drpybeomqqkxwhfxptpuycgwrzpk/Build/Products/Debug-iphonesimulator -filelist /Users/aryan/Library/Developer/Xcode/DerivedData/PaymentTracker-drpybeomqqkxwhfxptpuycgwrzpk/Build/Intermediates.noindex/PaymentTracker.build/Debug-iphonesimulator/PaymentTracker.build/Objects-normal/arm64/PaymentTracker.LinkFileList -install_name @rpath/PaymentTracker.debug.dylib -Xlinker -rpath -Xlinker @executable_path/Frameworks -Xlinker -dead_strip -Xlinker -object_path_lto -Xlinker /Users/aryan/Library/Developer/Xcode/DerivedData/PaymentTracker-drpybeomqqkxwhfxptpuycgwrzpk/Build/Intermediates.noindex/PaymentTracker.build/Debug-iphonesimulator/PaymentTracker.build/Objects-normal/arm64/PaymentTracker_lto.o -rdynamic -Xlinker -no_deduplicate -Xlinker -objc_abi_version -Xlinker 2 -Xlinker -dependency_info -Xlinker /Users/aryan/Library/Developer/Xcode/DerivedData/PaymentTracker-drpybeomqqkxwhfxptpuycgwrzpk/Build/Intermediates.noindex/PaymentTracker.build/Debug-iphonesimulator/PaymentTracker.build/Objects-normal/arm64/PaymentTracker_dependency_info.dat -fobjc-link-runtime -L/Applications/Xcode.app/Contents/Developer/Toolchains/XcodeDefault.xctoolchain/usr/lib/swift/iphonesimulator -L/usr/lib/swift -Xlinker -add_ast_path -Xlinker /Users/aryan/Library/Developer/Xcode/DerivedData/PaymentTracker-drpybeomqqkxwhfxptpuycgwrzpk/Build/Intermediates.noindex/PaymentTracker.build/Debug-iphonesimulator/PaymentTracker.build/Objects-normal/arm64/PaymentTracker.swiftmodule @/Users/aryan/Library/Developer/Xcode/DerivedData/PaymentTracker-drpybeomqqkxwhfxptpuycgwrzpk/Build/Intermediates.noindex/PaymentTracker.build/Debug-iphonesimulator/PaymentTracker.build/Objects-normal/arm64/PaymentTracker-linker-args.resp -Xlinker -alias -Xlinker _main -Xlinker ___debug_main_executable_dylib_entry_point -Xlinker -no_adhoc_codesign -o /Users/aryan/Library/Developer/Xcode/DerivedData/PaymentTracker-drpybeomqqkxwhfxptpuycgwrzpk/Build/Intermediates.noindex/PaymentTracker.build/Debug-iphonesimulator/PaymentTracker.build/Objects-normal/arm64/Binary/PaymentTracker.debug.dylib

CreateUniversalBinary /Users/aryan/Library/Developer/Xcode/DerivedData/PaymentTracker-drpybeomqqkxwhfxptpuycgwrzpk/Build/Products/Debug-iphonesimulator/PaymentTracker.app/PaymentTracker.debug.dylib normal arm64\ x86_64 (in target 'PaymentTracker' from project 'PaymentTracker')
    cd /Users/aryan/Desktop/PaymentTracker
    /Applications/Xcode.app/Contents/Developer/Toolchains/XcodeDefault.xctoolchain/usr/bin/lipo -create /Users/aryan/Library/Developer/Xcode/DerivedData/PaymentTracker-drpybeomqqkxwhfxptpuycgwrzpk/Build/Intermediates.noindex/PaymentTracker.build/Debug-iphonesimulator/PaymentTracker.build/Objects-normal/arm64/Binary/PaymentTracker.debug.dylib /Users/aryan/Library/Developer/Xcode/DerivedData/PaymentTracker-drpybeomqqkxwhfxptpuycgwrzpk/Build/Intermediates.noindex/PaymentTracker.build/Debug-iphonesimulator/PaymentTracker.build/Objects-normal/x86_64/Binary/PaymentTracker.debug.dylib -output /Users/aryan/Library/Developer/Xcode/DerivedData/PaymentTracker-drpybeomqqkxwhfxptpuycgwrzpk/Build/Products/Debug-iphonesimulator/PaymentTracker.app/PaymentTracker.debug.dylib

ConstructStubExecutorLinkFileList /Users/aryan/Library/Developer/Xcode/DerivedData/PaymentTracker-drpybeomqqkxwhfxptpuycgwrzpk/Build/Intermediates.noindex/PaymentTracker.build/Debug-iphonesimulator/PaymentTracker.build/PaymentTracker-ExecutorLinkFileList-normal-arm64.txt (in target 'PaymentTracker' from project 'PaymentTracker')
    cd /Users/aryan/Desktop/PaymentTracker
    construct-stub-executor-link-file-list /Users/aryan/Library/Developer/Xcode/DerivedData/PaymentTracker-drpybeomqqkxwhfxptpuycgwrzpk/Build/Intermediates.noindex/PaymentTracker.build/Debug-iphonesimulator/PaymentTracker.build/Objects-normal/arm64/Binary/PaymentTracker.debug.dylib /Applications/Xcode.app/Contents/Developer/Platforms/iPhoneSimulator.platform/Developer/usr/lib/libPreviewsJITStubExecutor_no_swift_entry_point.a /Applications/Xcode.app/Contents/Developer/Platforms/iPhoneSimulator.platform/Developer/usr/lib/libPreviewsJITStubExecutor.a --output /Users/aryan/Library/Developer/Xcode/DerivedData/PaymentTracker-drpybeomqqkxwhfxptpuycgwrzpk/Build/Intermediates.noindex/PaymentTracker.build/Debug-iphonesimulator/PaymentTracker.build/PaymentTracker-ExecutorLinkFileList-normal-arm64.txt
note: Using stub executor library with Swift entry point. (in target 'PaymentTracker' from project 'PaymentTracker')

ConstructStubExecutorLinkFileList /Users/aryan/Library/Developer/Xcode/DerivedData/PaymentTracker-drpybeomqqkxwhfxptpuycgwrzpk/Build/Intermediates.noindex/PaymentTracker.build/Debug-iphonesimulator/PaymentTracker.build/PaymentTracker-ExecutorLinkFileList-normal-x86_64.txt (in target 'PaymentTracker' from project 'PaymentTracker')
    cd /Users/aryan/Desktop/PaymentTracker
    construct-stub-executor-link-file-list /Users/aryan/Library/Developer/Xcode/DerivedData/PaymentTracker-drpybeomqqkxwhfxptpuycgwrzpk/Build/Intermediates.noindex/PaymentTracker.build/Debug-iphonesimulator/PaymentTracker.build/Objects-normal/x86_64/Binary/PaymentTracker.debug.dylib /Applications/Xcode.app/Contents/Developer/Platforms/iPhoneSimulator.platform/Developer/usr/lib/libPreviewsJITStubExecutor_no_swift_entry_point.a /Applications/Xcode.app/Contents/Developer/Platforms/iPhoneSimulator.platform/Developer/usr/lib/libPreviewsJITStubExecutor.a --output /Users/aryan/Library/Developer/Xcode/DerivedData/PaymentTracker-drpybeomqqkxwhfxptpuycgwrzpk/Build/Intermediates.noindex/PaymentTracker.build/Debug-iphonesimulator/PaymentTracker.build/PaymentTracker-ExecutorLinkFileList-normal-x86_64.txt
note: Using stub executor library with Swift entry point. (in target 'PaymentTracker' from project 'PaymentTracker')

Ld /Users/aryan/Library/Developer/Xcode/DerivedData/PaymentTracker-drpybeomqqkxwhfxptpuycgwrzpk/Build/Intermediates.noindex/PaymentTracker.build/Debug-iphonesimulator/PaymentTracker.build/Objects-normal/x86_64/Binary/PaymentTracker normal x86_64 (in target 'PaymentTracker' from project 'PaymentTracker')
    cd /Users/aryan/Desktop/PaymentTracker
    /Applications/Xcode.app/Contents/Developer/Toolchains/XcodeDefault.xctoolchain/usr/bin/clang -Xlinker -reproducible -target x86_64-apple-ios26.0-simulator -isysroot /Applications/Xcode.app/Contents/Developer/Platforms/iPhoneSimulator.platform/Developer/SDKs/iPhoneSimulator26.4.sdk -O0 -L/Users/aryan/Library/Developer/Xcode/DerivedData/PaymentTracker-drpybeomqqkxwhfxptpuycgwrzpk/Build/Products/Debug-iphonesimulator -F/Users/aryan/Library/Developer/Xcode/DerivedData/PaymentTracker-drpybeomqqkxwhfxptpuycgwrzpk/Build/Products/Debug-iphonesimulator -Xlinker -rpath -Xlinker @executable_path -Xlinker -rpath -Xlinker @executable_path/Frameworks -rdynamic -Xlinker -no_deduplicate -Xlinker -objc_abi_version -Xlinker 2 -e ___debug_blank_executor_main -Xlinker -sectcreate -Xlinker __TEXT -Xlinker __debug_dylib -Xlinker /Users/aryan/Library/Developer/Xcode/DerivedData/PaymentTracker-drpybeomqqkxwhfxptpuycgwrzpk/Build/Intermediates.noindex/PaymentTracker.build/Debug-iphonesimulator/PaymentTracker.build/PaymentTracker-DebugDylibPath-normal-x86_64.txt -Xlinker -sectcreate -Xlinker __TEXT -Xlinker __debug_instlnm -Xlinker /Users/aryan/Library/Developer/Xcode/DerivedData/PaymentTracker-drpybeomqqkxwhfxptpuycgwrzpk/Build/Intermediates.noindex/PaymentTracker.build/Debug-iphonesimulator/PaymentTracker.build/PaymentTracker-DebugDylibInstallName-normal-x86_64.txt -Xlinker -filelist -Xlinker /Users/aryan/Library/Developer/Xcode/DerivedData/PaymentTracker-drpybeomqqkxwhfxptpuycgwrzpk/Build/Intermediates.noindex/PaymentTracker.build/Debug-iphonesimulator/PaymentTracker.build/PaymentTracker-ExecutorLinkFileList-normal-x86_64.txt -Xlinker -sectcreate -Xlinker __TEXT -Xlinker __entitlements -Xlinker /Users/aryan/Library/Developer/Xcode/DerivedData/PaymentTracker-drpybeomqqkxwhfxptpuycgwrzpk/Build/Intermediates.noindex/PaymentTracker.build/Debug-iphonesimulator/PaymentTracker.build/PaymentTracker.app-Simulated.xcent -Xlinker -sectcreate -Xlinker __TEXT -Xlinker __ents_der -Xlinker /Users/aryan/Library/Developer/Xcode/DerivedData/PaymentTracker-drpybeomqqkxwhfxptpuycgwrzpk/Build/Intermediates.noindex/PaymentTracker.build/Debug-iphonesimulator/PaymentTracker.build/PaymentTracker.app-Simulated.xcent.der /Users/aryan/Library/Developer/Xcode/DerivedData/PaymentTracker-drpybeomqqkxwhfxptpuycgwrzpk/Build/Intermediates.noindex/PaymentTracker.build/Debug-iphonesimulator/PaymentTracker.build/Objects-normal/x86_64/Binary/PaymentTracker.debug.dylib -Xlinker -no_adhoc_codesign -o /Users/aryan/Library/Developer/Xcode/DerivedData/PaymentTracker-drpybeomqqkxwhfxptpuycgwrzpk/Build/Intermediates.noindex/PaymentTracker.build/Debug-iphonesimulator/PaymentTracker.build/Objects-normal/x86_64/Binary/PaymentTracker

Ld /Users/aryan/Library/Developer/Xcode/DerivedData/PaymentTracker-drpybeomqqkxwhfxptpuycgwrzpk/Build/Intermediates.noindex/PaymentTracker.build/Debug-iphonesimulator/PaymentTracker.build/Objects-normal/arm64/Binary/PaymentTracker normal arm64 (in target 'PaymentTracker' from project 'PaymentTracker')
    cd /Users/aryan/Desktop/PaymentTracker
    /Applications/Xcode.app/Contents/Developer/Toolchains/XcodeDefault.xctoolchain/usr/bin/clang -Xlinker -reproducible -target arm64-apple-ios26.0-simulator -isysroot /Applications/Xcode.app/Contents/Developer/Platforms/iPhoneSimulator.platform/Developer/SDKs/iPhoneSimulator26.4.sdk -O0 -L/Users/aryan/Library/Developer/Xcode/DerivedData/PaymentTracker-drpybeomqqkxwhfxptpuycgwrzpk/Build/Products/Debug-iphonesimulator -F/Users/aryan/Library/Developer/Xcode/DerivedData/PaymentTracker-drpybeomqqkxwhfxptpuycgwrzpk/Build/Products/Debug-iphonesimulator -Xlinker -rpath -Xlinker @executable_path -Xlinker -rpath -Xlinker @executable_path/Frameworks -rdynamic -Xlinker -no_deduplicate -Xlinker -objc_abi_version -Xlinker 2 -e ___debug_blank_executor_main -Xlinker -sectcreate -Xlinker __TEXT -Xlinker __debug_dylib -Xlinker /Users/aryan/Library/Developer/Xcode/DerivedData/PaymentTracker-drpybeomqqkxwhfxptpuycgwrzpk/Build/Intermediates.noindex/PaymentTracker.build/Debug-iphonesimulator/PaymentTracker.build/PaymentTracker-DebugDylibPath-normal-arm64.txt -Xlinker -sectcreate -Xlinker __TEXT -Xlinker __debug_instlnm -Xlinker /Users/aryan/Library/Developer/Xcode/DerivedData/PaymentTracker-drpybeomqqkxwhfxptpuycgwrzpk/Build/Intermediates.noindex/PaymentTracker.build/Debug-iphonesimulator/PaymentTracker.build/PaymentTracker-DebugDylibInstallName-normal-arm64.txt -Xlinker -filelist -Xlinker /Users/aryan/Library/Developer/Xcode/DerivedData/PaymentTracker-drpybeomqqkxwhfxptpuycgwrzpk/Build/Intermediates.noindex/PaymentTracker.build/Debug-iphonesimulator/PaymentTracker.build/PaymentTracker-ExecutorLinkFileList-normal-arm64.txt -Xlinker -sectcreate -Xlinker __TEXT -Xlinker __entitlements -Xlinker /Users/aryan/Library/Developer/Xcode/DerivedData/PaymentTracker-drpybeomqqkxwhfxptpuycgwrzpk/Build/Intermediates.noindex/PaymentTracker.build/Debug-iphonesimulator/PaymentTracker.build/PaymentTracker.app-Simulated.xcent -Xlinker -sectcreate -Xlinker __TEXT -Xlinker __ents_der -Xlinker /Users/aryan/Library/Developer/Xcode/DerivedData/PaymentTracker-drpybeomqqkxwhfxptpuycgwrzpk/Build/Intermediates.noindex/PaymentTracker.build/Debug-iphonesimulator/PaymentTracker.build/PaymentTracker.app-Simulated.xcent.der /Users/aryan/Library/Developer/Xcode/DerivedData/PaymentTracker-drpybeomqqkxwhfxptpuycgwrzpk/Build/Intermediates.noindex/PaymentTracker.build/Debug-iphonesimulator/PaymentTracker.build/Objects-normal/arm64/Binary/PaymentTracker.debug.dylib -Xlinker -no_adhoc_codesign -o /Users/aryan/Library/Developer/Xcode/DerivedData/PaymentTracker-drpybeomqqkxwhfxptpuycgwrzpk/Build/Intermediates.noindex/PaymentTracker.build/Debug-iphonesimulator/PaymentTracker.build/Objects-normal/arm64/Binary/PaymentTracker

CreateUniversalBinary /Users/aryan/Library/Developer/Xcode/DerivedData/PaymentTracker-drpybeomqqkxwhfxptpuycgwrzpk/Build/Products/Debug-iphonesimulator/PaymentTracker.app/PaymentTracker normal arm64\ x86_64 (in target 'PaymentTracker' from project 'PaymentTracker')
    cd /Users/aryan/Desktop/PaymentTracker
    /Applications/Xcode.app/Contents/Developer/Toolchains/XcodeDefault.xctoolchain/usr/bin/lipo -create /Users/aryan/Library/Developer/Xcode/DerivedData/PaymentTracker-drpybeomqqkxwhfxptpuycgwrzpk/Build/Intermediates.noindex/PaymentTracker.build/Debug-iphonesimulator/PaymentTracker.build/Objects-normal/arm64/Binary/PaymentTracker /Users/aryan/Library/Developer/Xcode/DerivedData/PaymentTracker-drpybeomqqkxwhfxptpuycgwrzpk/Build/Intermediates.noindex/PaymentTracker.build/Debug-iphonesimulator/PaymentTracker.build/Objects-normal/x86_64/Binary/PaymentTracker -output /Users/aryan/Library/Developer/Xcode/DerivedData/PaymentTracker-drpybeomqqkxwhfxptpuycgwrzpk/Build/Products/Debug-iphonesimulator/PaymentTracker.app/PaymentTracker

CopySwiftLibs /Users/aryan/Library/Developer/Xcode/DerivedData/PaymentTracker-drpybeomqqkxwhfxptpuycgwrzpk/Build/Products/Debug-iphonesimulator/PaymentTracker.app (in target 'PaymentTracker' from project 'PaymentTracker')
    cd /Users/aryan/Desktop/PaymentTracker
    builtin-swiftStdLibTool --copy --verbose --sign - --scan-executable /Users/aryan/Library/Developer/Xcode/DerivedData/PaymentTracker-drpybeomqqkxwhfxptpuycgwrzpk/Build/Products/Debug-iphonesimulator/PaymentTracker.app/PaymentTracker.debug.dylib --scan-folder /Users/aryan/Library/Developer/Xcode/DerivedData/PaymentTracker-drpybeomqqkxwhfxptpuycgwrzpk/Build/Products/Debug-iphonesimulator/PaymentTracker.app/Frameworks --scan-folder /Users/aryan/Library/Developer/Xcode/DerivedData/PaymentTracker-drpybeomqqkxwhfxptpuycgwrzpk/Build/Products/Debug-iphonesimulator/PaymentTracker.app/PlugIns --scan-folder /Users/aryan/Library/Developer/Xcode/DerivedData/PaymentTracker-drpybeomqqkxwhfxptpuycgwrzpk/Build/Products/Debug-iphonesimulator/PaymentTracker.app/SystemExtensions --scan-folder /Users/aryan/Library/Developer/Xcode/DerivedData/PaymentTracker-drpybeomqqkxwhfxptpuycgwrzpk/Build/Products/Debug-iphonesimulator/PaymentTracker.app/Extensions --platform iphonesimulator --toolchain /Applications/Xcode.app/Contents/Developer/Toolchains/XcodeDefault.xctoolchain --destination /Users/aryan/Library/Developer/Xcode/DerivedData/PaymentTracker-drpybeomqqkxwhfxptpuycgwrzpk/Build/Products/Debug-iphonesimulator/PaymentTracker.app/Frameworks --strip-bitcode --strip-bitcode-tool /Applications/Xcode.app/Contents/Developer/Toolchains/XcodeDefault.xctoolchain/usr/bin/bitcode_strip --emit-dependency-info /Users/aryan/Library/Developer/Xcode/DerivedData/PaymentTracker-drpybeomqqkxwhfxptpuycgwrzpk/Build/Intermediates.noindex/PaymentTracker.build/Debug-iphonesimulator/PaymentTracker.build/SwiftStdLibToolInputDependencies.dep --filter-for-swift-os

ExtractAppIntentsMetadata (in target 'PaymentTracker' from project 'PaymentTracker')
    cd /Users/aryan/Desktop/PaymentTracker
    /Applications/Xcode.app/Contents/Developer/Toolchains/XcodeDefault.xctoolchain/usr/bin/appintentsmetadataprocessor --toolchain-dir /Applications/Xcode.app/Contents/Developer/Toolchains/XcodeDefault.xctoolchain --module-name PaymentTracker --sdk-root /Applications/Xcode.app/Contents/Developer/Platforms/iPhoneSimulator.platform/Developer/SDKs/iPhoneSimulator26.4.sdk --xcode-version 17E192 --platform-family iOS --deployment-target 26.0 --bundle-identifier site.aryan.PaymentTracker --output /Users/aryan/Library/Developer/Xcode/DerivedData/PaymentTracker-drpybeomqqkxwhfxptpuycgwrzpk/Build/Products/Debug-iphonesimulator/PaymentTracker.app --target-triple arm64-apple-ios26.0-simulator --target-triple x86_64-apple-ios26.0-simulator --binary-file /Users/aryan/Library/Developer/Xcode/DerivedData/PaymentTracker-drpybeomqqkxwhfxptpuycgwrzpk/Build/Products/Debug-iphonesimulator/PaymentTracker.app/PaymentTracker --dependency-file /Users/aryan/Library/Developer/Xcode/DerivedData/PaymentTracker-drpybeomqqkxwhfxptpuycgwrzpk/Build/Intermediates.noindex/PaymentTracker.build/Debug-iphonesimulator/PaymentTracker.build/Objects-normal/arm64/PaymentTracker_dependency_info.dat --dependency-file /Users/aryan/Library/Developer/Xcode/DerivedData/PaymentTracker-drpybeomqqkxwhfxptpuycgwrzpk/Build/Intermediates.noindex/PaymentTracker.build/Debug-iphonesimulator/PaymentTracker.build/Objects-normal/x86_64/PaymentTracker_dependency_info.dat --stringsdata-file /Users/aryan/Library/Developer/Xcode/DerivedData/PaymentTracker-drpybeomqqkxwhfxptpuycgwrzpk/Build/Intermediates.noindex/PaymentTracker.build/Debug-iphonesimulator/PaymentTracker.build/Objects-normal/arm64/ExtractedAppShortcutsMetadata.stringsdata --stringsdata-file /Users/aryan/Library/Developer/Xcode/DerivedData/PaymentTracker-drpybeomqqkxwhfxptpuycgwrzpk/Build/Intermediates.noindex/PaymentTracker.build/Debug-iphonesimulator/PaymentTracker.build/Objects-normal/x86_64/ExtractedAppShortcutsMetadata.stringsdata --source-file-list /Users/aryan/Library/Developer/Xcode/DerivedData/PaymentTracker-drpybeomqqkxwhfxptpuycgwrzpk/Build/Intermediates.noindex/PaymentTracker.build/Debug-iphonesimulator/PaymentTracker.build/Objects-normal/arm64/PaymentTracker.SwiftFileList --source-file-list /Users/aryan/Library/Developer/Xcode/DerivedData/PaymentTracker-drpybeomqqkxwhfxptpuycgwrzpk/Build/Intermediates.noindex/PaymentTracker.build/Debug-iphonesimulator/PaymentTracker.build/Objects-normal/x86_64/PaymentTracker.SwiftFileList --metadata-file-list /Users/aryan/Library/Developer/Xcode/DerivedData/PaymentTracker-drpybeomqqkxwhfxptpuycgwrzpk/Build/Intermediates.noindex/PaymentTracker.build/Debug-iphonesimulator/PaymentTracker.build/PaymentTracker.DependencyMetadataFileList --static-metadata-file-list /Users/aryan/Library/Developer/Xcode/DerivedData/PaymentTracker-drpybeomqqkxwhfxptpuycgwrzpk/Build/Intermediates.noindex/PaymentTracker.build/Debug-iphonesimulator/PaymentTracker.build/PaymentTracker.DependencyStaticMetadataFileList --swift-const-vals-list /Users/aryan/Library/Developer/Xcode/DerivedData/PaymentTracker-drpybeomqqkxwhfxptpuycgwrzpk/Build/Intermediates.noindex/PaymentTracker.build/Debug-iphonesimulator/PaymentTracker.build/Objects-normal/arm64/PaymentTracker.SwiftConstValuesFileList --swift-const-vals-list /Users/aryan/Library/Developer/Xcode/DerivedData/PaymentTracker-drpybeomqqkxwhfxptpuycgwrzpk/Build/Intermediates.noindex/PaymentTracker.build/Debug-iphonesimulator/PaymentTracker.build/Objects-normal/x86_64/PaymentTracker.SwiftConstValuesFileList --compile-time-extraction --deployment-aware-processing --validate-assistant-intents --no-app-shortcuts-localization
2026-04-06 01:27:29.030 appintentsmetadataprocessor[46060:30230018] Starting appintentsmetadataprocessor export
2026-04-06 01:27:29.033 appintentsmetadataprocessor[46060:30230018] warning: Metadata extraction skipped. No AppIntents.framework dependency found.

CodeSign /Users/aryan/Library/Developer/Xcode/DerivedData/PaymentTracker-drpybeomqqkxwhfxptpuycgwrzpk/Build/Products/Debug-iphonesimulator/PaymentTracker.app/PaymentTracker.debug.dylib (in target 'PaymentTracker' from project 'PaymentTracker')
    cd /Users/aryan/Desktop/PaymentTracker
    
    Signing Identity:     "Sign to Run Locally"
    
    /usr/bin/codesign --force --sign - --timestamp\=none --generate-entitlement-der /Users/aryan/Library/Developer/Xcode/DerivedData/PaymentTracker-drpybeomqqkxwhfxptpuycgwrzpk/Build/Products/Debug-iphonesimulator/PaymentTracker.app/PaymentTracker.debug.dylib

CodeSign /Users/aryan/Library/Developer/Xcode/DerivedData/PaymentTracker-drpybeomqqkxwhfxptpuycgwrzpk/Build/Products/Debug-iphonesimulator/PaymentTracker.app/__preview.dylib (in target 'PaymentTracker' from project 'PaymentTracker')
    cd /Users/aryan/Desktop/PaymentTracker
    
    Signing Identity:     "Sign to Run Locally"
    
    /usr/bin/codesign --force --sign - --timestamp\=none --generate-entitlement-der /Users/aryan/Library/Developer/Xcode/DerivedData/PaymentTracker-drpybeomqqkxwhfxptpuycgwrzpk/Build/Products/Debug-iphonesimulator/PaymentTracker.app/__preview.dylib
/Users/aryan/Library/Developer/Xcode/DerivedData/PaymentTracker-drpybeomqqkxwhfxptpuycgwrzpk/Build/Products/Debug-iphonesimulator/PaymentTracker.app/__preview.dylib: replacing existing signature

CodeSign /Users/aryan/Library/Developer/Xcode/DerivedData/PaymentTracker-drpybeomqqkxwhfxptpuycgwrzpk/Build/Products/Debug-iphonesimulator/PaymentTracker.app (in target 'PaymentTracker' from project 'PaymentTracker')
    cd /Users/aryan/Desktop/PaymentTracker
    
    Signing Identity:     "Sign to Run Locally"
    
    /usr/bin/codesign --force --sign - --timestamp\=none --generate-entitlement-der /Users/aryan/Library/Developer/Xcode/DerivedData/PaymentTracker-drpybeomqqkxwhfxptpuycgwrzpk/Build/Products/Debug-iphonesimulator/PaymentTracker.app

Validate /Users/aryan/Library/Developer/Xcode/DerivedData/PaymentTracker-drpybeomqqkxwhfxptpuycgwrzpk/Build/Products/Debug-iphonesimulator/PaymentTracker.app (in target 'PaymentTracker' from project 'PaymentTracker')
    cd /Users/aryan/Desktop/PaymentTracker
    builtin-validationUtility /Users/aryan/Library/Developer/Xcode/DerivedData/PaymentTracker-drpybeomqqkxwhfxptpuycgwrzpk/Build/Products/Debug-iphonesimulator/PaymentTracker.app -shallow-bundle -infoplist-subpath Info.plist

** BUILD SUCCEEDED **

